C51 COMPILER V9.60.0.0   LCD2                                                              11/01/2022 16:49:45 PAGE 1   


C51 COMPILER V9.60.0.0, COMPILATION OF MODULE LCD2
OBJECT MODULE PLACED IN .\Objects\lcd2.obj
COMPILER INVOKED BY: C:\Keil_v5\C51\BIN\C51.EXE lcd2.c OPTIMIZE(8,SPEED) BROWSE DEBUG OBJECTEXTEND PRINT(.\Listings\lcd2
                    -.lst) TABS(2) OBJECT(.\Objects\lcd2.obj)

line level    source

   1           // CONTROL PORT 2
   2          //DATA PORT 0
   3                    #include<reg51.h>
   4          
   5          sbit RS = P2 ^ 0;
   6          sbit E  = P2 ^ 1;
   7          
   8          void instwrt(void)
   9          {
  10   1        RS=0;
  11   1        E=1;
  12   1        E=0;
  13   1      }
  14          
  15          void datawrt(void)
  16          {
  17   1        RS=1;
  18   1        E=1;
  19   1        E=0;
  20   1      }
  21          
  22          
  23          void delay(void)
  24          {
  25   1        unsigned int i;
  26   1        for(i=0;i<=30000;i++)
  27   1          {}
  28   1      }
  29          
  30          
  31          void main(void)
  32          {
  33   1      while(1)
  34   1      { 
  35   2      P0=0x38;
  36   2        instwrt();
  37   2        delay();
  38   2        P0=0x0E;
  39   2        instwrt();
  40   2        delay();
  41   2        P0=0x01;
  42   2        instwrt();
  43   2        delay();
  44   2        P0=0x06;
  45   2        instwrt();
  46   2        delay();
  47   2        P0=0x83;
  48   2        instwrt();
  49   2        delay();
  50   2        P0='K';
  51   2        datawrt();
  52   2        delay();
  53   2        P0='A';
  54   2        datawrt();
C51 COMPILER V9.60.0.0   LCD2                                                              11/01/2022 16:49:45 PAGE 2   

  55   2        delay();
  56   2        P0='R';
  57   2        datawrt();
  58   2        delay();
  59   2        P0='A';
  60   2        datawrt();
  61   2        delay();
  62   2        P0='N';
  63   2        datawrt();
  64   2        delay();
  65   2        /*shift();
  66   2        delay();*/
  67   2        P0=0xC3;
  68   2        instwrt();
  69   2        delay();
  70   2      
  71   2      
  72   2      
  73   2          }
  74   1      }
  75          
  76          


MODULE INFORMATION:   STATIC OVERLAYABLE
   CODE SIZE        =    118    ----
   CONSTANT SIZE    =   ----    ----
   XDATA SIZE       =   ----    ----
   PDATA SIZE       =   ----    ----
   DATA SIZE        =   ----    ----
   IDATA SIZE       =   ----    ----
   BIT SIZE         =   ----    ----
END OF MODULE INFORMATION.


C51 COMPILATION COMPLETE.  0 WARNING(S),  0 ERROR(S)
